[INFO] Scanning for projects...
[INFO] 
[INFO] ----------------------< com.example:clinic-site >-----------------------
[INFO] Building clinic-site 0.0.1-SNAPSHOT
[INFO]   from pom.xml
[INFO] --------------------------------[ jar ]---------------------------------
[INFO] 
[INFO] >>> spring-boot:3.3.5:run (default-cli) > test-compile @ clinic-site >>>
[INFO] 
[INFO] --- resources:3.3.1:resources (default-resources) @ clinic-site ---
[INFO] Copying 1 resource from src\main\resources to target\classes
[INFO] Copying 21 resources from src\main\resources to target\classes
[INFO] 
[INFO] --- compiler:3.13.0:compile (default-compile) @ clinic-site ---
[INFO] Recompiling the module because of changed source code.
[INFO] Compiling 40 source files with javac [debug parameters release 21] to target\classes
[INFO] 
[INFO] --- resources:3.3.1:testResources (default-testResources) @ clinic-site ---
[INFO] Copying 1 resource from src\test\resources to target\test-classes
[INFO] 
[INFO] --- compiler:3.13.0:testCompile (default-testCompile) @ clinic-site ---
[INFO] Recompiling the module because of changed dependency.
[INFO] Compiling 1 source file with javac [debug parameters release 21] to target\test-classes
[INFO] 
[INFO] <<< spring-boot:3.3.5:run (default-cli) < test-compile @ clinic-site <<<
[INFO] 
[INFO] 
[INFO] --- spring-boot:3.3.5:run (default-cli) @ clinic-site ---
[INFO] Attaching agents: []

  .   ____          _            __ _ _
 /\\ / ___'_ __ _ _(_)_ __  __ _ \ \ \ \
( ( )\___ | '_ | '_| | '_ \/ _` | \ \ \ \
 \\/  ___)| |_)| | | | | || (_| |  ) ) ) )
  '  |____| .__|_| |_|_| |_\__, | / / / /
 =========|_|==============|___/=/_/_/_/

 :: Spring Boot ::                (v3.3.5)

2026-08-24T12:49:59.842+09:00  INFO 17660 --- [clinic-site] [           main] c.example.clinic.ClinicSiteApplication   : Starting ClinicSiteApplication using Java 25.0.4 with PID 17660 (C:\Users\EZ\Desktop\team\Remove-vulnerabilities\target\classes started by EZ in C:\Users\EZ\Desktop\team\Remove-vulnerabilities)
2026-08-24T12:49:59.844+09:00  INFO 17660 --- [clinic-site] [           main] c.example.clinic.ClinicSiteApplication   : The following 1 profile is active: "local"
2026-08-24T12:50:00.668+09:00  INFO 17660 --- [clinic-site] [           main] .s.d.r.c.RepositoryConfigurationDelegate : Bootstrapping Spring Data JPA repositories in DEFAULT mode.
2026-08-24T12:50:00.722+09:00  INFO 17660 --- [clinic-site] [           main] .s.d.r.c.RepositoryConfigurationDelegate : Finished Spring Data repository scanning in 47 ms. Found 7 JPA repository interfaces.
WARNING: A restricted method in java.lang.System has been called
WARNING: java.lang.System::load has been called by org.apache.tomcat.jni.Library in an unnamed module (file:/C:/Users/EZ/Desktop/team/Remove-vulnerabilities/work/.m2/org/apache/tomcat/embed/tomcat-embed-core/10.1.31/tomcat-embed-core-10.1.31.jar)
WARNING: Use --enable-native-access=ALL-UNNAMED to avoid a warning for callers in this module
WARNING: Restricted methods will be blocked in a future release unless native access is enabled

2026-08-24T12:50:01.224+09:00  INFO 17660 --- [clinic-site] [           main] o.s.b.w.embedded.tomcat.TomcatWebServer  : Tomcat initialized with port 8081 (http)
2026-08-24T12:50:01.240+09:00  INFO 17660 --- [clinic-site] [           main] o.apache.catalina.core.StandardService   : Starting service [Tomcat]
2026-08-24T12:50:01.240+09:00  INFO 17660 --- [clinic-site] [           main] o.apache.catalina.core.StandardEngine    : Starting Servlet engine: [Apache Tomcat/10.1.31]
2026-08-24T12:50:01.297+09:00  INFO 17660 --- [clinic-site] [           main] o.a.c.c.C.[Tomcat].[localhost].[/]       : Initializing Spring embedded WebApplicationContext
2026-08-24T12:50:01.298+09:00  INFO 17660 --- [clinic-site] [           main] w.s.c.ServletWebServerApplicationContext : Root WebApplicationContext: initialization completed in 1383 ms
2026-08-24T12:50:01.321+09:00  INFO 17660 --- [clinic-site] [           main] com.zaxxer.hikari.HikariDataSource       : HikariPool-1 - Starting...
2026-08-24T12:50:01.730+09:00  INFO 17660 --- [clinic-site] [           main] com.zaxxer.hikari.pool.HikariPool        : HikariPool-1 - Added connection conn0: url=jdbc:h2:file:./work/clinic-local user=SA
2026-08-24T12:50:01.732+09:00  INFO 17660 --- [clinic-site] [           main] com.zaxxer.hikari.HikariDataSource       : HikariPool-1 - Start completed.
2026-08-24T12:50:01.760+09:00  INFO 17660 --- [clinic-site] [           main] o.s.b.a.h2.H2ConsoleAutoConfiguration    : H2 console available at '/h2-console'. Database available at 'jdbc:h2:file:./work/clinic-local'
2026-08-24T12:50:01.887+09:00  INFO 17660 --- [clinic-site] [           main] o.hibernate.jpa.internal.util.LogHelper  : HHH000204: Processing PersistenceUnitInfo [name: default]
2026-08-24T12:50:01.941+09:00  INFO 17660 --- [clinic-site] [           main] org.hibernate.Version                    : HHH000412: Hibernate ORM core version 6.5.3.Final
2026-08-24T12:50:01.976+09:00  INFO 17660 --- [clinic-site] [           main] o.h.c.internal.RegionFactoryInitiator    : HHH000026: Second-level cache disabled
2026-08-24T12:50:02.233+09:00  INFO 17660 --- [clinic-site] [           main] o.s.o.j.p.SpringPersistenceUnitInfo      : No LoadTimeWeaver setup: ignoring JPA class transformer
2026-08-24T12:50:02.277+09:00  WARN 17660 --- [clinic-site] [           main] org.hibernate.orm.deprecation            : HHH90000025: H2Dialect does not need to be specified explicitly using 'hibernate.dialect' (remove the property setting and it will be selected by default)
2026-08-24T12:50:03.360+09:00  INFO 17660 --- [clinic-site] [           main] o.h.e.t.j.p.i.JtaPlatformInitiator       : HHH000489: No JTA platform available (set 'hibernate.transaction.jta.platform' to enable JTA platform integration)
2026-08-24T12:50:03.434+09:00  INFO 17660 --- [clinic-site] [           main] j.LocalContainerEntityManagerFactoryBean : Initialized JPA EntityManagerFactory for persistence unit 'default'
2026-08-24T12:50:03.902+09:00  INFO 17660 --- [clinic-site] [           main] o.s.d.j.r.query.QueryEnhancerFactory     : Hibernate is in classpath; If applicable, HQL parser will be used.
2026-08-24T12:50:04.407+09:00  INFO 17660 --- [clinic-site] [           main] eAuthenticationProviderManagerConfigurer : Global AuthenticationManager configured with AuthenticationProvider bean with name authenticationProvider
2026-08-24T12:50:04.408+09:00  WARN 17660 --- [clinic-site] [           main] r$InitializeUserDetailsManagerConfigurer : Global AuthenticationManager configured with an AuthenticationProvider bean. UserDetailsService beans will not be used for username/password login. Consider removing the AuthenticationProvider bean. Alternatively, consider using the UserDetailsService in a manually instantiated DaoAuthenticationProvider.
2026-08-24T12:50:04.930+09:00  INFO 17660 --- [clinic-site] [           main] o.s.b.w.embedded.tomcat.TomcatWebServer  : Tomcat started on port 8081 (http) with context path '/'
2026-08-24T12:50:04.940+09:00  INFO 17660 --- [clinic-site] [           main] c.example.clinic.ClinicSiteApplication   : Started ClinicSiteApplication in 5.692 seconds (process running for 6.069)
2026-08-24T12:50:20.877+09:00  INFO 17660 --- [clinic-site] [nio-8081-exec-1] o.a.c.c.C.[Tomcat].[localhost].[/]       : Initializing Spring DispatcherServlet 'dispatcherServlet'
2026-08-24T12:50:20.878+09:00  INFO 17660 --- [clinic-site] [nio-8081-exec-1] o.s.web.servlet.DispatcherServlet        : Initializing Servlet 'dispatcherServlet'
2026-08-24T12:50:20.879+09:00  INFO 17660 --- [clinic-site] [nio-8081-exec-1] o.s.web.servlet.DispatcherServlet        : Completed initialization in 1 ms
